[2026-04-28 18:07:42.7291487] [info] X4Native extension log — gnn_core
[2026-04-28 18:07:42.7344842] [info] [GNNCore] init
[2026-04-28 18:07:42.7376854] [info] [GNNCore] build tag = GNNCore hybrid runtime
[2026-04-28 18:07:42.7409283] [info] [GNNCore] framework version = 0.9.0
[2026-04-28 18:07:42.7439648] [info] [GNNCore] game version = 9.00
[2026-04-28 18:07:42.7475743] [info] [GNNCore] extension path = B:\SteamLibrary\steamapps\common\X4 Foundations\extensions\GNN\
[2026-04-28 18:07:42.7541955] [info] [GNNCore] on_ui_reload
[2026-04-28 18:08:00.3361714] [info] [GNNCore] on_game_loaded
[2026-04-28 18:08:00.3395261] [info] [GNNCore] restored market counter = 0
[2026-04-28 18:08:00.3427864] [info] [GNNCore] restored battle counter = 0
[2026-04-28 18:08:00.3448684] [info] [GNNCore] market candidate accepted topic=energy_spike sector=Second Contact VII priority=10
[2026-04-28 18:08:00.3466885] [info] [GNNCore] market candidate discarded topic=hull_surplus sector=Argon Prime priority=5 current_priority=10
[2026-04-28 18:08:00.3485141] [info] [GNNCore] market candidate replaced topic=factory_shortage sector=Hatikvah's Choice I priority=20 previous_priority=10
[2026-04-28 18:08:00.3600847] [info] [GNNCore] market candidate emitted topic=factory_shortage sector=Hatikvah's Choice I priority=20
[2026-04-28 18:08:00.3638521] [info] [GNNCore] structured market emit parsed topic=factory_shortage sector=Hatikvah's Choice I priority=20
[2026-04-28 18:08:00.3657736] [info] [GNNCore] market story ready topic=factory_shortage | sector=Hatikvah's Choice I | priority=20
[2026-04-28 18:08:00.3680445] [info] [GNNCore] market logbook payload ready = topic_enc=factory_shortage|sector_enc=Hatikvah%27s%20Choice%20I|priority=20
[2026-04-28 18:08:00.3792161] [info] [GNNCore] market emit lua event raised payload=factory_shortage|Hatikvah's Choice I|20
[2026-04-28 18:08:00.3810455] [info] [GNNCore] battle logbook bridge ready (real source: gnn battle md tracker)
[2026-04-28 18:08:00.3829047] [info] [GNNCore] market counter after load = 1
[2026-04-28 18:08:00.3846805] [info] [GNNCore] runtime state initialized
