[2026-04-29 01:35:16.9029419] [info] X4Native extension log — gnn_core
[2026-04-29 01:35:16.9074362] [info] [GNNCore] init
[2026-04-29 01:35:16.9107274] [info] [GNNCore] build tag = GNNCore hybrid runtime
[2026-04-29 01:35:16.9140447] [info] [GNNCore] framework version = 0.9.0
[2026-04-29 01:35:16.9173947] [info] [GNNCore] game version = 9.00
[2026-04-29 01:35:16.9262703] [info] [GNNCore] extension path = B:\SteamLibrary\steamapps\common\X4 Foundations\extensions\GNN\
[2026-04-29 01:35:16.9315450] [info] [GNNCore] on_ui_reload
[2026-04-29 01:35:31.8380768] [info] [GNNCore] on_game_loaded
[2026-04-29 01:35:31.8397805] [info] [GNNCore] restored market counter = 0
[2026-04-29 01:35:31.8416091] [info] [GNNCore] restored battle counter = 0
[2026-04-29 01:35:31.8455702] [info] [GNNCore] market candidate accepted topic=energy_spike sector=Second Contact VII priority=10
[2026-04-29 01:35:31.8485083] [info] [GNNCore] market candidate discarded topic=hull_surplus sector=Argon Prime priority=5 current_priority=10
[2026-04-29 01:35:31.8503148] [info] [GNNCore] market candidate replaced topic=factory_shortage sector=Hatikvah's Choice I priority=20 previous_priority=10
[2026-04-29 01:35:31.8521482] [info] [GNNCore] market candidate emitted topic=factory_shortage sector=Hatikvah's Choice I priority=20
[2026-04-29 01:35:31.8556371] [info] [GNNCore] structured market emit parsed topic=factory_shortage sector=Hatikvah's Choice I priority=20
[2026-04-29 01:35:31.8574898] [info] [GNNCore] market story ready topic=factory_shortage | sector=Hatikvah's Choice I | priority=20
[2026-04-29 01:35:31.8593253] [info] [GNNCore] market logbook payload ready = topic_enc=factory_shortage|sector_enc=Hatikvah%27s%20Choice%20I|priority=20
[2026-04-29 01:35:31.8628793] [info] [GNNCore] market emit lua event raised payload=factory_shortage|Hatikvah's Choice I|20
[2026-04-29 01:35:31.8645620] [info] [GNNCore] battle logbook bridge ready (real source: gnn battle md tracker)
[2026-04-29 01:35:31.8662601] [info] [GNNCore] market counter after load = 1
[2026-04-29 01:35:31.8680424] [info] [GNNCore] runtime state initialized
